<?xml version="1.0"?>
<link_info>
   <banner>TI ARM Linker PC v16.9.1.LTS</banner>
   <copyright>Copyright (c) 1996-2015 Texas Instruments Incorporated</copyright>
   <link_time>0x59375efc</link_time>
   <link_errors>0x0</link_errors>
   <output_file>SSL_REST_API_AWS.out</output_file>
   <entry_point>
      <name>_c_int00</name>
      <address>0x2000dc41</address>
   </entry_point>
   <input_file_list>
      <input_file id="fl-2">
         <path>.\</path>
         <kind>object</kind>
         <file>gpio_if.obj</file>
         <name>gpio_if.obj</name>
      </input_file>
      <input_file id="fl-3">
         <path>.\</path>
         <kind>object</kind>
         <file>i2c_if.obj</file>
         <name>i2c_if.obj</name>
      </input_file>
      <input_file id="fl-4">
         <path>.\</path>
         <kind>object</kind>
         <file>main.obj</file>
         <name>main.obj</name>
      </input_file>
      <input_file id="fl-5">
         <path>.\</path>
         <kind>object</kind>
         <file>network_common.obj</file>
         <name>network_common.obj</name>
      </input_file>
      <input_file id="fl-6">
         <path>.\</path>
         <kind>object</kind>
         <file>pin_mux_config.obj</file>
         <name>pin_mux_config.obj</name>
      </input_file>
      <input_file id="fl-7">
         <path>.\</path>
         <kind>object</kind>
         <file>startup_ccs.obj</file>
         <name>startup_ccs.obj</name>
      </input_file>
      <input_file id="fl-8">
         <path>.\</path>
         <kind>object</kind>
         <file>timer_if.obj</file>
         <name>timer_if.obj</name>
      </input_file>
      <input_file id="fl-9">
         <path>.\</path>
         <kind>object</kind>
         <file>tmp006drv.obj</file>
         <name>tmp006drv.obj</name>
      </input_file>
      <input_file id="fl-a">
         <path>.\</path>
         <kind>object</kind>
         <file>uart_if.obj</file>
         <name>uart_if.obj</name>
      </input_file>
      <input_file id="fl-c6">
         <path>C:\ti\ccsv7\tools\compiler\ti-cgt-arm_16.9.1.LTS\lib\</path>
         <kind>archive</kind>
         <file>rtsv7M4_T_le_eabi.lib</file>
         <name>boot.obj</name>
      </input_file>
      <input_file id="fl-c7">
         <path>C:\ti\ccsv7\tools\compiler\ti-cgt-arm_16.9.1.LTS\lib\</path>
         <kind>archive</kind>
         <file>rtsv7M4_T_le_eabi.lib</file>
         <name>copy_decompress_lzss.obj</name>
      </input_file>
      <input_file id="fl-c8">
         <path>C:\ti\ccsv7\tools\compiler\ti-cgt-arm_16.9.1.LTS\lib\</path>
         <kind>archive</kind>
         <file>rtsv7M4_T_le_eabi.lib</file>
         <name>copy_decompress_none.obj</name>
      </input_file>
      <input_file id="fl-c9">
         <path>C:\ti\ccsv7\tools\compiler\ti-cgt-arm_16.9.1.LTS\lib\</path>
         <kind>archive</kind>
         <file>rtsv7M4_T_le_eabi.lib</file>
         <name>copy_zero_init.obj</name>
      </input_file>
      <input_file id="fl-ca">
         <path>C:\ti\ccsv7\tools\compiler\ti-cgt-arm_16.9.1.LTS\lib\</path>
         <kind>archive</kind>
         <file>rtsv7M4_T_le_eabi.lib</file>
         <name>e_pow.obj</name>
      </input_file>
      <input_file id="fl-cb">
         <path>C:\ti\ccsv7\tools\compiler\ti-cgt-arm_16.9.1.LTS\lib\</path>
         <kind>archive</kind>
         <file>rtsv7M4_T_le_eabi.lib</file>
         <name>e_sqrt.obj</name>
      </input_file>
      <input_file id="fl-cc">
         <path>C:\ti\ccsv7\tools\compiler\ti-cgt-arm_16.9.1.LTS\lib\</path>
         <kind>archive</kind>
         <file>rtsv7M4_T_le_eabi.lib</file>
         <name>errno.obj</name>
      </input_file>
      <input_file id="fl-cd">
         <path>C:\ti\ccsv7\tools\compiler\ti-cgt-arm_16.9.1.LTS\lib\</path>
         <kind>archive</kind>
         <file>rtsv7M4_T_le_eabi.lib</file>
         <name>exit.obj</name>
      </input_file>
      <input_file id="fl-ce">
         <path>C:\ti\ccsv7\tools\compiler\ti-cgt-arm_16.9.1.LTS\lib\</path>
         <kind>archive</kind>
         <file>rtsv7M4_T_le_eabi.lib</file>
         <name>fd_add_t2.obj</name>
      </input_file>
      <input_file id="fl-cf">
         <path>C:\ti\ccsv7\tools\compiler\ti-cgt-arm_16.9.1.LTS\lib\</path>
         <kind>archive</kind>
         <file>rtsv7M4_T_le_eabi.lib</file>
         <name>fd_cmp_t2.obj</name>
      </input_file>
      <input_file id="fl-d0">
         <path>C:\ti\ccsv7\tools\compiler\ti-cgt-arm_16.9.1.LTS\lib\</path>
         <kind>archive</kind>
         <file>rtsv7M4_T_le_eabi.lib</file>
         <name>fd_div_t2.obj</name>
      </input_file>
      <input_file id="fl-d1">
         <path>C:\ti\ccsv7\tools\compiler\ti-cgt-arm_16.9.1.LTS\lib\</path>
         <kind>archive</kind>
         <file>rtsv7M4_T_le_eabi.lib</file>
         <name>fd_mul_t2.obj</name>
      </input_file>
      <input_file id="fl-d2">
         <path>C:\ti\ccsv7\tools\compiler\ti-cgt-arm_16.9.1.LTS\lib\</path>
         <kind>archive</kind>
         <file>rtsv7M4_T_le_eabi.lib</file>
         <name>fd_tos_t2.obj</name>
      </input_file>
      <input_file id="fl-d3">
         <path>C:\ti\ccsv7\tools\compiler\ti-cgt-arm_16.9.1.LTS\lib\</path>
         <kind>archive</kind>
         <file>rtsv7M4_T_le_eabi.lib</file>
         <name>fs_add_t2.obj</name>
      </input_file>
      <input_file id="fl-d4">
         <path>C:\ti\ccsv7\tools\compiler\ti-cgt-arm_16.9.1.LTS\lib\</path>
         <kind>archive</kind>
         <file>rtsv7M4_T_le_eabi.lib</file>
         <name>fs_div_t2.obj</name>
      </input_file>
      <input_file id="fl-d5">
         <path>C:\ti\ccsv7\tools\compiler\ti-cgt-arm_16.9.1.LTS\lib\</path>
         <kind>archive</kind>
         <file>rtsv7M4_T_le_eabi.lib</file>
         <name>fs_mul_t2.obj</name>
      </input_file>
      <input_file id="fl-d6">
         <path>C:\ti\ccsv7\tools\compiler\ti-cgt-arm_16.9.1.LTS\lib\</path>
         <kind>archive</kind>
         <file>rtsv7M4_T_le_eabi.lib</file>
         <name>fs_tod_t2.obj</name>
      </input_file>
      <input_file id="fl-d7">
         <path>C:\ti\ccsv7\tools\compiler\ti-cgt-arm_16.9.1.LTS\lib\</path>
         <kind>archive</kind>
         <file>rtsv7M4_T_le_eabi.lib</file>
         <name>i_tofd_t2.obj</name>
      </input_file>
      <input_file id="fl-d8">
         <path>C:\ti\ccsv7\tools\compiler\ti-cgt-arm_16.9.1.LTS\lib\</path>
         <kind>archive</kind>
         <file>rtsv7M4_T_le_eabi.lib</file>
         <name>memcpy_t2.obj</name>
      </input_file>
      <input_file id="fl-d9">
         <path>C:\ti\ccsv7\tools\compiler\ti-cgt-arm_16.9.1.LTS\lib\</path>
         <kind>archive</kind>
         <file>rtsv7M4_T_le_eabi.lib</file>
         <name>memmov.obj</name>
      </input_file>
      <input_file id="fl-da">
         <path>C:\ti\ccsv7\tools\compiler\ti-cgt-arm_16.9.1.LTS\lib\</path>
         <kind>archive</kind>
         <file>rtsv7M4_T_le_eabi.lib</file>
         <name>memory.obj</name>
      </input_file>
      <input_file id="fl-db">
         <path>C:\ti\ccsv7\tools\compiler\ti-cgt-arm_16.9.1.LTS\lib\</path>
         <kind>archive</kind>
         <file>rtsv7M4_T_le_eabi.lib</file>
         <name>memset_t2.obj</name>
      </input_file>
      <input_file id="fl-dc">
         <path>C:\ti\ccsv7\tools\compiler\ti-cgt-arm_16.9.1.LTS\lib\</path>
         <kind>archive</kind>
         <file>rtsv7M4_T_le_eabi.lib</file>
         <name>mpu_init.obj</name>
      </input_file>
      <input_file id="fl-dd">
         <path>C:\ti\ccsv7\tools\compiler\ti-cgt-arm_16.9.1.LTS\lib\</path>
         <kind>archive</kind>
         <file>rtsv7M4_T_le_eabi.lib</file>
         <name>pre_init.obj</name>
      </input_file>
      <input_file id="fl-de">
         <path>C:\ti\ccsv7\tools\compiler\ti-cgt-arm_16.9.1.LTS\lib\</path>
         <kind>archive</kind>
         <file>rtsv7M4_T_le_eabi.lib</file>
         <name>s_scalbn.obj</name>
      </input_file>
      <input_file id="fl-df">
         <path>C:\ti\ccsv7\tools\compiler\ti-cgt-arm_16.9.1.LTS\lib\</path>
         <kind>archive</kind>
         <file>rtsv7M4_T_le_eabi.lib</file>
         <name>snprintf.obj</name>
      </input_file>
      <input_file id="fl-e0">
         <path>C:\ti\ccsv7\tools\compiler\ti-cgt-arm_16.9.1.LTS\lib\</path>
         <kind>archive</kind>
         <file>rtsv7M4_T_le_eabi.lib</file>
         <name>sprintf.obj</name>
      </input_file>
      <input_file id="fl-e1">
         <path>C:\ti\ccsv7\tools\compiler\ti-cgt-arm_16.9.1.LTS\lib\</path>
         <kind>archive</kind>
         <file>rtsv7M4_T_le_eabi.lib</file>
         <name>stkdepth_vars.obj</name>
      </input_file>
      <input_file id="fl-e2">
         <path>C:\ti\ccsv7\tools\compiler\ti-cgt-arm_16.9.1.LTS\lib\</path>
         <kind>archive</kind>
         <file>rtsv7M4_T_le_eabi.lib</file>
         <name>strcpy.obj</name>
      </input_file>
      <input_file id="fl-e3">
         <path>C:\ti\ccsv7\tools\compiler\ti-cgt-arm_16.9.1.LTS\lib\</path>
         <kind>archive</kind>
         <file>rtsv7M4_T_le_eabi.lib</file>
         <name>strlen.obj</name>
      </input_file>
      <input_file id="fl-e4">
         <path>C:\ti\ccsv7\tools\compiler\ti-cgt-arm_16.9.1.LTS\lib\</path>
         <kind>archive</kind>
         <file>rtsv7M4_T_le_eabi.lib</file>
         <name>vsnprintf.obj</name>
      </input_file>
      <input_file id="fl-e5">
         <path>C:\ti\ccsv7\tools\compiler\ti-cgt-arm_16.9.1.LTS\lib\</path>
         <kind>archive</kind>
         <file>rtsv7M4_T_le_eabi.lib</file>
         <name>_lock.obj</name>
      </input_file>
      <input_file id="fl-e6">
         <path>C:\ti\ccsv7\tools\compiler\ti-cgt-arm_16.9.1.LTS\lib\</path>
         <kind>archive</kind>
         <file>rtsv7M4_T_le_eabi.lib</file>
         <name>_printfi.obj</name>
      </input_file>
      <input_file id="fl-e7">
         <path>C:\ti\ccsv7\tools\compiler\ti-cgt-arm_16.9.1.LTS\lib\</path>
         <kind>archive</kind>
         <file>rtsv7M4_T_le_eabi.lib</file>
         <name>args_main.obj</name>
      </input_file>
      <input_file id="fl-e8">
         <path>C:\ti\ccsv7\tools\compiler\ti-cgt-arm_16.9.1.LTS\lib\</path>
         <kind>archive</kind>
         <file>rtsv7M4_T_le_eabi.lib</file>
         <name>atoi.obj</name>
      </input_file>
      <input_file id="fl-e9">
         <path>C:\ti\ccsv7\tools\compiler\ti-cgt-arm_16.9.1.LTS\lib\</path>
         <kind>archive</kind>
         <file>rtsv7M4_T_le_eabi.lib</file>
         <name>autoinit.obj</name>
      </input_file>
      <input_file id="fl-ea">
         <path>C:\ti\ccsv7\tools\compiler\ti-cgt-arm_16.9.1.LTS\lib\</path>
         <kind>archive</kind>
         <file>rtsv7M4_T_le_eabi.lib</file>
         <name>cpy_tbl.obj</name>
      </input_file>
      <input_file id="fl-eb">
         <path>C:\ti\ccsv7\tools\compiler\ti-cgt-arm_16.9.1.LTS\lib\</path>
         <kind>archive</kind>
         <file>rtsv7M4_T_le_eabi.lib</file>
         <name>ctype.obj</name>
      </input_file>
      <input_file id="fl-ec">
         <path>C:\ti\ccsv7\tools\compiler\ti-cgt-arm_16.9.1.LTS\lib\</path>
         <kind>archive</kind>
         <file>rtsv7M4_T_le_eabi.lib</file>
         <name>fd_toi_t2.obj</name>
      </input_file>
      <input_file id="fl-ed">
         <path>C:\ti\ccsv7\tools\compiler\ti-cgt-arm_16.9.1.LTS\lib\</path>
         <kind>archive</kind>
         <file>rtsv7M4_T_le_eabi.lib</file>
         <name>ltoa.obj</name>
      </input_file>
      <input_file id="fl-ee">
         <path>C:\ti\ccsv7\tools\compiler\ti-cgt-arm_16.9.1.LTS\lib\</path>
         <kind>archive</kind>
         <file>rtsv7M4_T_le_eabi.lib</file>
         <name>memccpy.obj</name>
      </input_file>
      <input_file id="fl-ef">
         <path>C:\ti\ccsv7\tools\compiler\ti-cgt-arm_16.9.1.LTS\lib\</path>
         <kind>archive</kind>
         <file>rtsv7M4_T_le_eabi.lib</file>
         <name>s_copysign.obj</name>
      </input_file>
      <input_file id="fl-f0">
         <path>C:\ti\ccsv7\tools\compiler\ti-cgt-arm_16.9.1.LTS\lib\</path>
         <kind>archive</kind>
         <file>rtsv7M4_T_le_eabi.lib</file>
         <name>s_frexp.obj</name>
      </input_file>
      <input_file id="fl-f1">
         <path>C:\ti\ccsv7\tools\compiler\ti-cgt-arm_16.9.1.LTS\lib\</path>
         <kind>archive</kind>
         <file>rtsv7M4_T_le_eabi.lib</file>
         <name>startup.obj</name>
      </input_file>
      <input_file id="fl-f2">
         <path>C:\ti\ccsv7\tools\compiler\ti-cgt-arm_16.9.1.LTS\lib\</path>
         <kind>archive</kind>
         <file>rtsv7M4_T_le_eabi.lib</file>
         <name>strchr.obj</name>
      </input_file>
      <input_file id="fl-f3">
         <path>C:\ti\ccsv7\tools\compiler\ti-cgt-arm_16.9.1.LTS\lib\</path>
         <kind>archive</kind>
         <file>rtsv7M4_T_le_eabi.lib</file>
         <name>ull_div_t2.obj</name>
      </input_file>
      <input_file id="fl-f4">
         <path>C:\ti\CC3200SDK_1.3.0\cc3200-sdk\driverlib\ccs\Release\</path>
         <kind>archive</kind>
         <file>driverlib.a</file>
         <name>gpio.obj</name>
      </input_file>
      <input_file id="fl-f5">
         <path>C:\ti\CC3200SDK_1.3.0\cc3200-sdk\driverlib\ccs\Release\</path>
         <kind>archive</kind>
         <file>driverlib.a</file>
         <name>i2c.obj</name>
      </input_file>
      <input_file id="fl-f6">
         <path>C:\ti\CC3200SDK_1.3.0\cc3200-sdk\driverlib\ccs\Release\</path>
         <kind>archive</kind>
         <file>driverlib.a</file>
         <name>interrupt.obj</name>
      </input_file>
      <input_file id="fl-f7">
         <path>C:\ti\CC3200SDK_1.3.0\cc3200-sdk\driverlib\ccs\Release\</path>
         <kind>archive</kind>
         <file>driverlib.a</file>
         <name>pin.obj</name>
      </input_file>
      <input_file id="fl-f8">
         <path>C:\ti\CC3200SDK_1.3.0\cc3200-sdk\driverlib\ccs\Release\</path>
         <kind>archive</kind>
         <file>driverlib.a</file>
         <name>prcm.obj</name>
      </input_file>
      <input_file id="fl-f9">
         <path>C:\ti\CC3200SDK_1.3.0\cc3200-sdk\driverlib\ccs\Release\</path>
         <kind>archive</kind>
         <file>driverlib.a</file>
         <name>spi.obj</name>
      </input_file>
      <input_file id="fl-fa">
         <path>C:\ti\CC3200SDK_1.3.0\cc3200-sdk\driverlib\ccs\Release\</path>
         <kind>archive</kind>
         <file>driverlib.a</file>
         <name>timer.obj</name>
      </input_file>
      <input_file id="fl-fb">
         <path>C:\ti\CC3200SDK_1.3.0\cc3200-sdk\driverlib\ccs\Release\</path>
         <kind>archive</kind>
         <file>driverlib.a</file>
         <name>uart.obj</name>
      </input_file>
      <input_file id="fl-fc">
         <path>C:\ti\CC3200SDK_1.3.0\cc3200-sdk\driverlib\ccs\Release\</path>
         <kind>archive</kind>
         <file>driverlib.a</file>
         <name>utils.obj</name>
      </input_file>
      <input_file id="fl-fd">
         <path>C:\ti\CC3200SDK_1.3.0\cc3200-sdk\driverlib\ccs\Release\</path>
         <kind>archive</kind>
         <file>driverlib.a</file>
         <name>cpu.obj</name>
      </input_file>
      <input_file id="fl-fe">
         <path>C:\ti\CC3200SDK_1.3.0\cc3200-sdk\driverlib\ccs\Release\</path>
         <kind>archive</kind>
         <file>driverlib.a</file>
         <name>flash.obj</name>
      </input_file>
      <input_file id="fl-ff">
         <path>C:\ti\CC3200SDK_1.3.0\cc3200-sdk\simplelink\ccs\NON_OS\</path>
         <kind>archive</kind>
         <file>simplelink.a</file>
         <name>device.obj</name>
      </input_file>
      <input_file id="fl-100">
         <path>C:\ti\CC3200SDK_1.3.0\cc3200-sdk\simplelink\ccs\NON_OS\</path>
         <kind>archive</kind>
         <file>simplelink.a</file>
         <name>driver.obj</name>
      </input_file>
      <input_file id="fl-101">
         <path>C:\ti\CC3200SDK_1.3.0\cc3200-sdk\simplelink\ccs\NON_OS\</path>
         <kind>archive</kind>
         <file>simplelink.a</file>
         <name>netapp.obj</name>
      </input_file>
      <input_file id="fl-102">
         <path>C:\ti\CC3200SDK_1.3.0\cc3200-sdk\simplelink\ccs\NON_OS\</path>
         <kind>archive</kind>
         <file>simplelink.a</file>
         <name>netcfg.obj</name>
      </input_file>
      <input_file id="fl-103">
         <path>C:\ti\CC3200SDK_1.3.0\cc3200-sdk\simplelink\ccs\NON_OS\</path>
         <kind>archive</kind>
         <file>simplelink.a</file>
         <name>nonos.obj</name>
      </input_file>
      <input_file id="fl-104">
         <path>C:\ti\CC3200SDK_1.3.0\cc3200-sdk\simplelink\ccs\NON_OS\</path>
         <kind>archive</kind>
         <file>simplelink.a</file>
         <name>socket.obj</name>
      </input_file>
      <input_file id="fl-105">
         <path>C:\ti\CC3200SDK_1.3.0\cc3200-sdk\simplelink\ccs\NON_OS\</path>
         <kind>archive</kind>
         <file>simplelink.a</file>
         <name>wlan.obj</name>
      </input_file>
      <input_file id="fl-106">
         <path>C:\ti\CC3200SDK_1.3.0\cc3200-sdk\simplelink\ccs\NON_OS\</path>
         <kind>archive</kind>
         <file>simplelink.a</file>
         <name>cc_pal.obj</name>
      </input_file>
      <input_file id="fl-107">
         <path>C:\ti\CC3200SDK_1.3.0\cc3200-sdk\driverlib\ccs\Release\</path>
         <kind>archive</kind>
         <file>driverlib.a</file>
         <name>udma.obj</name>
      </input_file>
   </input_file_list>
   <object_component_list>
      <object_component id="oc-f">
         <name>.intvecs</name>
         <load_address>0x20004000</load_address>
         <run_address>0x20004000</run_address>
         <size>0x400</size>
         <input_file_ref idref="fl-7"/>
      </object_component>
      <object_component id="oc-a8">
         <name>.text</name>
         <load_address>0x20004400</load_address>
         <run_address>0x20004400</run_address>
         <size>0x1528</size>
         <input_file_ref idref="fl-4"/>
      </object_component>
      <object_component id="oc-4ba">
         <name>.text</name>
         <load_address>0x20005928</load_address>
         <run_address>0x20005928</run_address>
         <size>0x1122</size>
         <input_file_ref idref="fl-e6"/>
      </object_component>
      <object_component id="oc-731">
         <name>.text:IntDefaultHandler</name>
         <load_address>0x20006a4a</load_address>
         <run_address>0x20006a4a</run_address>
         <size>0x2</size>
         <input_file_ref idref="fl-f6"/>
      </object_component>
      <object_component id="oc-493">
         <name>.text</name>
         <load_address>0x20006a4c</load_address>
         <run_address>0x20006a4c</run_address>
         <size>0x9ac</size>
         <input_file_ref idref="fl-ca"/>
      </object_component>
      <object_component id="oc-740">
         <name>.text:_SlDrvMsgRead</name>
         <load_address>0x200073f8</load_address>
         <run_address>0x200073f8</run_address>
         <size>0x590</size>
         <input_file_ref idref="fl-100"/>
      </object_component>
      <object_component id="oc-201">
         <name>.text</name>
         <load_address>0x20007988</load_address>
         <run_address>0x20007988</run_address>
         <size>0x430</size>
         <input_file_ref idref="fl-9"/>
      </object_component>
      <object_component id="oc-28c">
         <name>.text</name>
         <load_address>0x20007db8</load_address>
         <run_address>0x20007db8</run_address>
         <size>0x3d0</size>
         <input_file_ref idref="fl-da"/>
      </object_component>
      <object_component id="oc-187">
         <name>.text</name>
         <load_address>0x20008188</load_address>
         <run_address>0x20008188</run_address>
         <size>0x398</size>
         <input_file_ref idref="fl-2"/>
      </object_component>
      <object_component id="oc-1fb">
         <name>.text</name>
         <load_address>0x20008520</load_address>
         <run_address>0x20008520</run_address>
         <size>0x284</size>
         <input_file_ref idref="fl-3"/>
      </object_component>
      <object_component id="oc-d8">
         <name>.text</name>
         <load_address>0x200087a4</load_address>
         <run_address>0x200087a4</run_address>
         <size>0x280</size>
         <input_file_ref idref="fl-a"/>
      </object_component>
      <object_component id="oc-181">
         <name>.text:sl_WlanConnect</name>
         <load_address>0x20008a24</load_address>
         <run_address>0x20008a24</run_address>
         <size>0x27c</size>
         <input_file_ref idref="fl-105"/>
      </object_component>
      <object_component id="oc-7b5">
         <name>.text:_SlDrvRxHdrRead</name>
         <load_address>0x20008ca0</load_address>
         <run_address>0x20008ca0</run_address>
         <size>0x24c</size>
         <input_file_ref idref="fl-100"/>
      </object_component>
      <object_component id="oc-698">
         <name>.text</name>
         <load_address>0x20008eec</load_address>
         <run_address>0x20008eec</run_address>
         <size>0x1f4</size>
         <input_file_ref idref="fl-f3"/>
      </object_component>
      <object_component id="oc-4e4">
         <name>.text:_SlDrvDataReadOp</name>
         <load_address>0x200090e0</load_address>
         <run_address>0x200090e0</run_address>
         <size>0x1e4</size>
         <input_file_ref idref="fl-100"/>
      </object_component>
      <object_component id="oc-2ef">
         <name>.text:_SlDrvReleasePoolObj</name>
         <load_address>0x200092c4</load_address>
         <run_address>0x200092c4</run_address>
         <size>0x1d0</size>
         <input_file_ref idref="fl-100"/>
      </object_component>
      <object_component id="oc-489">
         <name>.text</name>
         <load_address>0x20009494</load_address>
         <run_address>0x20009494</run_address>
         <size>0x1b6</size>
         <input_file_ref idref="fl-ce"/>
      </object_component>
      <object_component id="oc-59">
         <name>.text</name>
         <load_address>0x2000964a</load_address>
         <run_address>0x2000964a</run_address>
         <size>0x2</size>
         <input_file_ref idref="fl-dc"/>
      </object_component>
      <object_component id="oc-2c5">
         <name>.text:_SlDrvDriverCBInit</name>
         <load_address>0x2000964c</load_address>
         <run_address>0x2000964c</run_address>
         <size>0x1b4</size>
         <input_file_ref idref="fl-100"/>
      </object_component>
      <object_component id="oc-5c8">
         <name>.text:_SlDrvMsgWrite</name>
         <load_address>0x20009800</load_address>
         <run_address>0x20009800</run_address>
         <size>0x19c</size>
         <input_file_ref idref="fl-100"/>
      </object_component>
      <object_component id="oc-3ec">
         <name>.text:_SlDrvWaitForPoolObj</name>
         <load_address>0x2000999c</load_address>
         <run_address>0x2000999c</run_address>
         <size>0x190</size>
         <input_file_ref idref="fl-100"/>
      </object_component>
      <object_component id="oc-1bd">
         <name>.text:sl_Connect</name>
         <load_address>0x20009b2c</load_address>
         <run_address>0x20009b2c</run_address>
         <size>0x18c</size>
         <input_file_ref idref="fl-104"/>
      </object_component>
      <object_component id="oc-17b">
         <name>.text:PRCMCC3200MCUInit</name>
         <load_address>0x20009cb8</load_address>
         <run_address>0x20009cb8</run_address>
         <size>0x178</size>
         <input_file_ref idref="fl-f8"/>
      </object_component>
      <object_component id="oc-7c7">
         <name>.text:_SlFindAndSetActiveObj</name>
         <load_address>0x20009e30</load_address>
         <run_address>0x20009e30</run_address>
         <size>0x170</size>
         <input_file_ref idref="fl-100"/>
      </object_component>
      <object_component id="oc-66c">
         <name>.text</name>
         <load_address>0x20009fa0</load_address>
         <run_address>0x20009fa0</run_address>
         <size>0x170</size>
         <input_file_ref idref="fl-cb"/>
      </object_component>
      <object_component id="oc-4d6">
         <name>.text:_SlDrvDataWriteOp</name>
         <load_address>0x2000a110</load_address>
         <run_address>0x2000a110</run_address>
         <size>0x150</size>
         <input_file_ref idref="fl-100"/>
      </object_component>
      <object_component id="oc-2cb">
         <name>.text:spi_Open</name>
         <load_address>0x2000a260</load_address>
         <run_address>0x2000a260</run_address>
         <size>0x148</size>
         <input_file_ref idref="fl-106"/>
      </object_component>
      <object_component id="oc-5ce">
         <name>.text:_SlDrvMsgReadCmdCtx</name>
         <load_address>0x2000a3a8</load_address>
         <run_address>0x2000a3a8</run_address>
         <size>0x144</size>
         <input_file_ref idref="fl-100"/>
      </object_component>
      <object_component id="oc-19f">
         <name>.text:sl_NetAppDnsGetHostByName</name>
         <load_address>0x2000a4ec</load_address>
         <run_address>0x2000a4ec</run_address>
         <size>0x144</size>
         <input_file_ref idref="fl-101"/>
      </object_component>
      <object_component id="oc-499">
         <name>.text</name>
         <load_address>0x2000a630</load_address>
         <run_address>0x2000a630</run_address>
         <size>0x136</size>
         <input_file_ref idref="fl-d0"/>
      </object_component>
      <object_component id="oc-a0">
         <name>.text</name>
         <load_address>0x2000a766</load_address>
         <run_address>0x2000a766</run_address>
         <size>0x2</size>
         <input_file_ref idref="fl-f1"/>
      </object_component>
      <object_component id="oc-21f">
         <name>.text:sl_Send</name>
         <load_address>0x2000a768</load_address>
         <run_address>0x2000a768</run_address>
         <size>0x134</size>
         <input_file_ref idref="fl-104"/>
      </object_component>
      <object_component id="oc-334">
         <name>.text:_SlDrvDriverCBDeinit</name>
         <load_address>0x2000a89c</load_address>
         <run_address>0x2000a89c</run_address>
         <size>0x130</size>
         <input_file_ref idref="fl-100"/>
      </object_component>
      <object_component id="oc-81a">
         <name>.text:_SlDrvNetAppEventHandler</name>
         <load_address>0x2000a9cc</load_address>
         <run_address>0x2000a9cc</run_address>
         <size>0x104</size>
         <input_file_ref idref="fl-101"/>
      </object_component>
      <object_component id="oc-48e">
         <name>.text</name>
         <load_address>0x2000aad0</load_address>
         <run_address>0x2000aad0</run_address>
         <size>0xfc</size>
         <input_file_ref idref="fl-d1"/>
      </object_component>
      <object_component id="oc-4b2">
         <name>.text</name>
         <load_address>0x2000abcc</load_address>
         <run_address>0x2000abcc</run_address>
         <size>0xfa</size>
         <input_file_ref idref="fl-d3"/>
      </object_component>
      <object_component id="oc-12c">
         <name>.text:sl_Stop</name>
         <load_address>0x2000acc8</load_address>
         <run_address>0x2000acc8</run_address>
         <size>0xf0</size>
         <input_file_ref idref="fl-ff"/>
      </object_component>
      <object_component id="oc-7c1">
         <name>.text:spi_Read</name>
         <load_address>0x2000adb8</load_address>
         <run_address>0x2000adb8</run_address>
         <size>0xf0</size>
         <input_file_ref idref="fl-106"/>
      </object_component>
      <object_component id="oc-8ad">
         <name>.text:uDMAChannelTransferSet</name>
         <load_address>0x2000aea8</load_address>
         <run_address>0x2000aea8</run_address>
         <size>0xf0</size>
         <input_file_ref idref="fl-107"/>
      </object_component>
      <object_component id="oc-11a">
         <name>.text:sl_Start</name>
         <load_address>0x2000af98</load_address>
         <run_address>0x2000af98</run_address>
         <size>0xec</size>
         <input_file_ref idref="fl-ff"/>
      </object_component>
      <object_component id="oc-746">
         <name>.text:_SlAsyncEventGenericHandler</name>
         <load_address>0x2000b084</load_address>
         <run_address>0x2000b084</run_address>
         <size>0xe8</size>
         <input_file_ref idref="fl-100"/>
      </object_component>
      <object_component id="oc-5af">
         <name>.text:_SlDrvMsgReadSpawnCtx</name>
         <load_address>0x2000b16c</load_address>
         <run_address>0x2000b16c</run_address>
         <size>0xe8</size>
         <input_file_ref idref="fl-100"/>
      </object_component>
      <object_component id="oc-1c5">
         <name>.text</name>
         <load_address>0x2000b254</load_address>
         <run_address>0x2000b254</run_address>
         <size>0xe8</size>
         <input_file_ref idref="fl-6"/>
      </object_component>
      <object_component id="oc-36f">
         <name>.text:sl_NetAppMDNSRegisterUnregisterService</name>
         <load_address>0x2000b33c</load_address>
         <run_address>0x2000b33c</run_address>
         <size>0xe4</size>
         <input_file_ref idref="fl-101"/>
      </object_component>
      <object_component id="oc-7bb">
         <name>.text:_SlDrvClassifyRxMsg</name>
         <load_address>0x2000b420</load_address>
         <run_address>0x2000b420</run_address>
         <size>0xdc</size>
         <input_file_ref idref="fl-100"/>
      </object_component>
      <object_component id="oc-682">
         <name>.text</name>
         <load_address>0x2000b4fc</load_address>
         <run_address>0x2000b4fc</run_address>
         <size>0xd0</size>
         <input_file_ref idref="fl-de"/>
      </object_component>
      <object_component id="oc-86b">
         <name>.text:_sl_HandleAsync_DnsGetHostByService</name>
         <load_address>0x2000b5cc</load_address>
         <run_address>0x2000b5cc</run_address>
         <size>0xcc</size>
         <input_file_ref idref="fl-101"/>
      </object_component>
      <object_component id="oc-132">
         <name>.text:sl_DevGet</name>
         <load_address>0x2000b698</load_address>
         <run_address>0x2000b698</run_address>
         <size>0xcc</size>
         <input_file_ref idref="fl-ff"/>
      </object_component>
      <object_component id="oc-58f">
         <name>.text:_SlRemoveFromList</name>
         <load_address>0x2000b764</load_address>
         <run_address>0x2000b764</run_address>
         <size>0xc4</size>
         <input_file_ref idref="fl-100"/>
      </object_component>
      <object_component id="oc-318">
         <name>.text:_SlDrvCmdOp</name>
         <load_address>0x2000b828</load_address>
         <run_address>0x2000b828</run_address>
         <size>0xc0</size>
         <input_file_ref idref="fl-100"/>
      </object_component>
      <object_component id="oc-518">
         <name>.text:_SlNonOsSemGet</name>
         <load_address>0x2000b8e8</load_address>
         <run_address>0x2000b8e8</run_address>
         <size>0xb0</size>
         <input_file_ref idref="fl-103"/>
      </object_component>
      <object_component id="oc-56e">
         <name>.text:IntDisable</name>
         <load_address>0x2000b998</load_address>
         <run_address>0x2000b998</run_address>
         <size>0xa8</size>
         <input_file_ref idref="fl-f6"/>
      </object_component>
      <object_component id="oc-175">
         <name>.text:IntEnable</name>
         <load_address>0x2000ba40</load_address>
         <run_address>0x2000ba40</run_address>
         <size>0xa8</size>
         <input_file_ref idref="fl-f6"/>
      </object_component>
      <object_component id="oc-588">
         <name>.text:_SlDriverHandleError</name>
         <load_address>0x2000bae8</load_address>
         <run_address>0x2000bae8</run_address>
         <size>0xa4</size>
         <input_file_ref idref="fl-100"/>
      </object_component>
      <object_component id="oc-1e3">
         <name>.text:SPIConfigSetExpClk</name>
         <load_address>0x2000bb8c</load_address>
         <run_address>0x2000bb8c</run_address>
         <size>0xa0</size>
         <input_file_ref idref="fl-f9"/>
      </object_component>
      <object_component id="oc-22b">
         <name>.text:sl_Recv</name>
         <load_address>0x2000bc2c</load_address>
         <run_address>0x2000bc2c</run_address>
         <size>0xa0</size>
         <input_file_ref idref="fl-104"/>
      </object_component>
      <object_component id="oc-41">
         <name>.text</name>
         <load_address>0x2000bccc</load_address>
         <run_address>0x2000bccc</run_address>
         <size>0x9c</size>
         <input_file_ref idref="fl-d8"/>
      </object_component>
      <object_component id="oc-85d">
         <name>.text:_SlDrvDeviceEventHandler</name>
         <load_address>0x2000bd68</load_address>
         <run_address>0x2000bd68</run_address>
         <size>0x9a</size>
         <input_file_ref idref="fl-ff"/>
      </object_component>
      <object_component id="oc-18e">
         <name>.text:sl_DevSet</name>
         <load_address>0x2000be04</load_address>
         <run_address>0x2000be04</run_address>
         <size>0x98</size>
         <input_file_ref idref="fl-ff"/>
      </object_component>
      <object_component id="oc-14a">
         <name>.text:sl_NetCfgSet</name>
         <load_address>0x2000be9c</load_address>
         <run_address>0x2000be9c</run_address>
         <size>0x98</size>
         <input_file_ref idref="fl-102"/>
      </object_component>
      <object_component id="oc-1b7">
         <name>.text:sl_SetSockOpt</name>
         <load_address>0x2000bf34</load_address>
         <run_address>0x2000bf34</run_address>
         <size>0x98</size>
         <input_file_ref idref="fl-104"/>
      </object_component>
      <object_component id="oc-150">
         <name>.text:sl_WlanSet</name>
         <load_address>0x2000bfcc</load_address>
         <run_address>0x2000bfcc</run_address>
         <size>0x98</size>
         <input_file_ref idref="fl-105"/>
      </object_component>
      <object_component id="oc-74f">
         <name>.text:spi_Write</name>
         <load_address>0x2000c064</load_address>
         <run_address>0x2000c064</run_address>
         <size>0x98</size>
         <input_file_ref idref="fl-106"/>
      </object_component>
      <object_component id="oc-1dd">
         <name>.text:PRCMPeripheralClockGet</name>
         <load_address>0x2000c0fc</load_address>
         <run_address>0x2000c0fc</run_address>
         <size>0x94</size>
         <input_file_ref idref="fl-f8"/>
      </object_component>
      <object_component id="oc-20d">
         <name>.text</name>
         <load_address>0x2000c190</load_address>
         <run_address>0x2000c190</run_address>
         <size>0x94</size>
         <input_file_ref idref="fl-df"/>
      </object_component>
      <object_component id="oc-4ad">
         <name>.text</name>
         <load_address>0x2000c224</load_address>
         <run_address>0x2000c224</run_address>
         <size>0x92</size>
         <input_file_ref idref="fl-d4"/>
      </object_component>
      <object_component id="oc-865">
         <name>.text:_sl_HandleAsync_DnsGetHostByName</name>
         <load_address>0x2000c2b8</load_address>
         <run_address>0x2000c2b8</run_address>
         <size>0x90</size>
         <input_file_ref idref="fl-101"/>
      </object_component>
      <object_component id="oc-820">
         <name>.text:_sl_HandleAsync_PingResponse</name>
         <load_address>0x2000c348</load_address>
         <run_address>0x2000c348</run_address>
         <size>0x90</size>
         <input_file_ref idref="fl-101"/>
      </object_component>
      <object_component id="oc-138">
         <name>.text:sl_WlanPolicySet</name>
         <load_address>0x2000c3d8</load_address>
         <run_address>0x2000c3d8</run_address>
         <size>0x90</size>
         <input_file_ref idref="fl-105"/>
      </object_component>
      <object_component id="oc-827">
         <name>.text:SetupDMAReceive</name>
         <load_address>0x2000c468</load_address>
         <run_address>0x2000c468</run_address>
         <size>0x8c</size>
         <input_file_ref idref="fl-106"/>
      </object_component>
      <object_component id="oc-7d2">
         <name>.text:SetupDMASend</name>
         <load_address>0x2000c4f4</load_address>
         <run_address>0x2000c4f4</run_address>
         <size>0x8c</size>
         <input_file_ref idref="fl-106"/>
      </object_component>
      <object_component id="oc-6f9">
         <name>.text:_SlDrvIsTimeoutExpired</name>
         <load_address>0x2000c580</load_address>
         <run_address>0x2000c580</run_address>
         <size>0x8c</size>
         <input_file_ref idref="fl-100"/>
      </object_component>
      <object_component id="oc-8bc">
         <name>.text:_sl_HandleAsync_InitComplete</name>
         <load_address>0x2000c60c</load_address>
         <run_address>0x2000c60c</run_address>
         <size>0x8c</size>
         <input_file_ref idref="fl-ff"/>
      </object_component>
      <object_component id="oc-1b1">
         <name>.text:sl_Socket</name>
         <load_address>0x2000c698</load_address>
         <run_address>0x2000c698</run_address>
         <size>0x8c</size>
         <input_file_ref idref="fl-104"/>
      </object_component>
      <object_component id="oc-63b">
         <name>.text:PinConfigSet</name>
         <load_address>0x2000c724</load_address>
         <run_address>0x2000c724</run_address>
         <size>0x88</size>
         <input_file_ref idref="fl-f7"/>
      </object_component>
      <object_component id="oc-274">
         <name>.text</name>
         <load_address>0x2000c7ac</load_address>
         <run_address>0x2000c7ac</run_address>
         <size>0x88</size>
         <input_file_ref idref="fl-e4"/>
      </object_component>
      <object_component id="oc-678">
         <name>.text:__aeabi_cdcmple</name>
         <load_address>0x2000c834</load_address>
         <run_address>0x2000c834</run_address>
         <size>0x86</size>
         <input_file_ref idref="fl-cf"/>
      </object_component>
      <object_component id="oc-67d">
         <name>.text:__aeabi_cdrcmple</name>
         <load_address>0x2000c8ba</load_address>
         <run_address>0x2000c8ba</run_address>
         <size>0x86</size>
         <input_file_ref idref="fl-cf"/>
      </object_component>
      <object_component id="oc-47c">
         <name>.text:I2CMasterInitExpClk</name>
         <load_address>0x2000c940</load_address>
         <run_address>0x2000c940</run_address>
         <size>0x84</size>
         <input_file_ref idref="fl-f5"/>
      </object_component>
      <object_component id="oc-15f">
         <name>.text:sl_WlanRxFilterSet</name>
         <load_address>0x2000c9c4</load_address>
         <run_address>0x2000c9c4</run_address>
         <size>0x84</size>
         <input_file_ref idref="fl-105"/>
      </object_component>
      <object_component id="oc-3ae">
         <name>.text:GPIOIntTypeSet</name>
         <load_address>0x2000ca48</load_address>
         <run_address>0x2000ca48</run_address>
         <size>0x82</size>
         <input_file_ref idref="fl-f4"/>
      </object_component>
      <object_component id="oc-88d">
         <name>.text:_sl_HandleAsync_Connect</name>
         <load_address>0x2000cacc</load_address>
         <run_address>0x2000cacc</run_address>
         <size>0x80</size>
         <input_file_ref idref="fl-104"/>
      </object_component>
      <object_component id="oc-82d">
         <name>.text:spi_Read_CPU</name>
         <load_address>0x2000cb4c</load_address>
         <run_address>0x2000cb4c</run_address>
         <size>0x80</size>
         <input_file_ref idref="fl-106"/>
      </object_component>
      <object_component id="oc-7de">
         <name>.text:spi_Write_CPU</name>
         <load_address>0x2000cbcc</load_address>
         <run_address>0x2000cbcc</run_address>
         <size>0x80</size>
         <input_file_ref idref="fl-106"/>
      </object_component>
      <object_component id="oc-4a8">
         <name>.text</name>
         <load_address>0x2000cc4c</load_address>
         <run_address>0x2000cc4c</run_address>
         <size>0x7a</size>
         <input_file_ref idref="fl-d5"/>
      </object_component>
      <object_component id="oc-4d">
         <name>.text</name>
         <load_address>0x2000ccc6</load_address>
         <run_address>0x2000ccc6</run_address>
         <size>0x7a</size>
         <input_file_ref idref="fl-db"/>
      </object_component>
      <object_component id="oc-32e">
         <name>.text:spi_Close</name>
         <load_address>0x2000cd40</load_address>
         <run_address>0x2000cd40</run_address>
         <size>0x78</size>
         <input_file_ref idref="fl-106"/>
      </object_component>
      <object_component id="oc-268">
         <name>.text:UARTConfigSetExpClk</name>
         <load_address>0x2000cdb8</load_address>
         <run_address>0x2000cdb8</run_address>
         <size>0x76</size>
         <input_file_ref idref="fl-fb"/>
      </object_component>
      <object_component id="oc-120">
         <name>.text:_SlNonOsMainLoopTask</name>
         <load_address>0x2000ce30</load_address>
         <run_address>0x2000ce30</run_address>
         <size>0x74</size>
         <input_file_ref idref="fl-103"/>
      </object_component>
      <object_component id="oc-65">
         <name>.text</name>
         <load_address>0x2000cea4</load_address>
         <run_address>0x2000cea4</run_address>
         <size>0x70</size>
         <input_file_ref idref="fl-e9"/>
      </object_component>
      <object_component id="oc-4a3">
         <name>.text</name>
         <load_address>0x2000cf14</load_address>
         <run_address>0x2000cf14</run_address>
         <size>0x6e</size>
         <input_file_ref idref="fl-d2"/>
      </object_component>
      <object_component id="oc-8c6">
         <name>.text:_SlDrvCmdSend</name>
         <load_address>0x2000cf84</load_address>
         <run_address>0x2000cf84</run_address>
         <size>0x6c</size>
         <input_file_ref idref="fl-100"/>
      </object_component>
      <object_component id="oc-877">
         <name>.text:_sl_NetAppSendTokenValue</name>
         <load_address>0x2000cff0</load_address>
         <run_address>0x2000cff0</run_address>
         <size>0x6c</size>
         <input_file_ref idref="fl-101"/>
      </object_component>
      <object_component id="oc-12">
         <name>.text:decompress:lzss</name>
         <load_address>0x2000d05c</load_address>
         <run_address>0x2000d05c</run_address>
         <size>0x68</size>
         <input_file_ref idref="fl-c7"/>
      </object_component>
      <object_component id="oc-5a9">
         <name>.text:_SlNonOsSpawn</name>
         <load_address>0x2000d0c4</load_address>
         <run_address>0x2000d0c4</run_address>
         <size>0x64</size>
         <input_file_ref idref="fl-103"/>
      </object_component>
      <object_component id="oc-887">
         <name>.text:_sl_HandleAsync_Accept</name>
         <load_address>0x2000d128</load_address>
         <run_address>0x2000d128</run_address>
         <size>0x64</size>
         <input_file_ref idref="fl-104"/>
      </object_component>
      <object_component id="oc-156">
         <name>.text:sl_NetAppMDNSUnRegisterService</name>
         <load_address>0x2000d18c</load_address>
         <run_address>0x2000d18c</run_address>
         <size>0x64</size>
         <input_file_ref idref="fl-101"/>
      </object_component>
      <object_component id="oc-70d">
         <name>.text:uDMAChannelAttributeDisable</name>
         <load_address>0x2000d1f0</load_address>
         <run_address>0x2000d1f0</run_address>
         <size>0x64</size>
         <input_file_ref idref="fl-107"/>
      </object_component>
      <object_component id="oc-8a7">
         <name>.text:uDMAChannelAttributeEnable</name>
         <load_address>0x2000d254</load_address>
         <run_address>0x2000d254</run_address>
         <size>0x64</size>
         <input_file_ref idref="fl-107"/>
      </object_component>
      <object_component id="oc-219">
         <name>.text</name>
         <load_address>0x2000d2b8</load_address>
         <run_address>0x2000d2b8</run_address>
         <size>0x60</size>
         <input_file_ref idref="fl-e0"/>
      </object_component>
      <object_component id="oc-225">
         <name>.text:sl_Close</name>
         <load_address>0x2000d318</load_address>
         <run_address>0x2000d318</run_address>
         <size>0x60</size>
         <input_file_ref idref="fl-104"/>
      </object_component>
      <object_component id="oc-13e">
         <name>.text:sl_WlanProfileDel</name>
         <load_address>0x2000d378</load_address>
         <run_address>0x2000d378</run_address>
         <size>0x60</size>
         <input_file_ref idref="fl-105"/>
      </object_component>
      <object_component id="oc-126">
         <name>.text:sl_WlanSetMode</name>
         <load_address>0x2000d3d8</load_address>
         <run_address>0x2000d3d8</run_address>
         <size>0x60</size>
         <input_file_ref idref="fl-105"/>
      </object_component>
      <object_component id="oc-6a8">
         <name>.text</name>
         <load_address>0x2000d438</load_address>
         <run_address>0x2000d438</run_address>
         <size>0x5c</size>
         <input_file_ref idref="fl-f0"/>
      </object_component>
      <object_component id="oc-57a">
         <name>.text:IntPendClear</name>
         <load_address>0x2000d494</load_address>
         <run_address>0x2000d494</run_address>
         <size>0x58</size>
         <input_file_ref idref="fl-f6"/>
      </object_component>
      <object_component id="oc-1d1">
         <name>.text:PRCMPeripheralReset</name>
         <load_address>0x2000d4ec</load_address>
         <run_address>0x2000d4ec</run_address>
         <size>0x58</size>
         <input_file_ref idref="fl-f8"/>
      </object_component>
      <object_component id="oc-3b4">
         <name>.text:IntPrioritySet</name>
         <load_address>0x2000d544</load_address>
         <run_address>0x2000d544</run_address>
         <size>0x54</size>
         <input_file_ref idref="fl-f6"/>
      </object_component>
      <object_component id="oc-301">
         <name>.text:_SlDrvRxIrqHandler</name>
         <load_address>0x2000d598</load_address>
         <run_address>0x2000d598</run_address>
         <size>0x54</size>
         <input_file_ref idref="fl-100"/>
      </object_component>
      <object_component id="oc-893">
         <name>.text:_sl_HandleAsync_Select</name>
         <load_address>0x2000d5ec</load_address>
         <run_address>0x2000d5ec</run_address>
         <size>0x54</size>
         <input_file_ref idref="fl-104"/>
      </object_component>
      <object_component id="oc-71">
         <name>.text</name>
         <load_address>0x2000d640</load_address>
         <run_address>0x2000d640</run_address>
         <size>0x54</size>
         <input_file_ref idref="fl-cd"/>
      </object_component>
      <object_component id="oc-6a2">
         <name>.text</name>
         <load_address>0x2000d694</load_address>
         <run_address>0x2000d694</run_address>
         <size>0x54</size>
         <input_file_ref idref="fl-ed"/>
      </object_component>
      <object_component id="oc-899">
         <name>.text:_sl_HandleAsync_Stop</name>
         <load_address>0x2000d6e8</load_address>
         <run_address>0x2000d6e8</run_address>
         <size>0x50</size>
         <input_file_ref idref="fl-ff"/>
      </object_component>
      <object_component id="oc-54d">
         <name>.text:SPIIntEnable</name>
         <load_address>0x2000d738</load_address>
         <run_address>0x2000d738</run_address>
         <size>0x4c</size>
         <input_file_ref idref="fl-f9"/>
      </object_component>
      <object_component id="oc-75a">
         <name>.text:SPIIntNumberGet</name>
         <load_address>0x2000d784</load_address>
         <run_address>0x2000d784</run_address>
         <size>0x4c</size>
         <input_file_ref idref="fl-f9"/>
      </object_component>
      <object_component id="oc-2d1">
         <name>.text:_SlDrvProtectAsyncRespSetting</name>
         <load_address>0x2000d7d0</load_address>
         <run_address>0x2000d7d0</run_address>
         <size>0x4c</size>
         <input_file_ref idref="fl-100"/>
      </object_component>
      <object_component id="oc-41d">
         <name>.text:_sl_BuildAddress</name>
         <load_address>0x2000d81c</load_address>
         <run_address>0x2000d81c</run_address>
         <size>0x4c</size>
         <input_file_ref idref="fl-104"/>
      </object_component>
      <object_component id="oc-6b4">
         <name>.text</name>
         <load_address>0x2000d868</load_address>
         <run_address>0x2000d868</run_address>
         <size>0x4c</size>
         <input_file_ref idref="fl-e8"/>
      </object_component>
      <object_component id="oc-9a">
         <name>.text</name>
         <load_address>0x2000d8b4</load_address>
         <run_address>0x2000d8b4</run_address>
         <size>0x4c</size>
         <input_file_ref idref="fl-ea"/>
      </object_component>
      <object_component id="oc-707">
         <name>.text:uDMAChannelAssign</name>
         <load_address>0x2000d900</load_address>
         <run_address>0x2000d900</run_address>
         <size>0x4c</size>
         <input_file_ref idref="fl-107"/>
      </object_component>
      <object_component id="oc-616">
         <name>.text:GPIOGetIntNumber</name>
         <load_address>0x2000d94c</load_address>
         <run_address>0x2000d94c</run_address>
         <size>0x48</size>
         <input_file_ref idref="fl-f4"/>
      </object_component>
      <object_component id="oc-728">
         <name>.text:SPIIntClear</name>
         <load_address>0x2000d994</load_address>
         <run_address>0x2000d994</run_address>
         <size>0x48</size>
         <input_file_ref idref="fl-f9"/>
      </object_component>
      <object_component id="oc-35a">
         <name>.text:_SlDrvBasicCmd</name>
         <load_address>0x2000d9dc</load_address>
         <run_address>0x2000d9dc</run_address>
         <size>0x48</size>
         <input_file_ref idref="fl-100"/>
      </object_component>
      <object_component id="oc-69d">
         <name>.text</name>
         <load_address>0x2000da24</load_address>
         <run_address>0x2000da24</run_address>
         <size>0x48</size>
         <input_file_ref idref="fl-ec"/>
      </object_component>
      <object_component id="oc-718">
         <name>.text:SPIDmaMaskGet</name>
         <load_address>0x2000da6c</load_address>
         <run_address>0x2000da6c</run_address>
         <size>0x44</size>
         <input_file_ref idref="fl-f9"/>
      </object_component>
      <object_component id="oc-849">
         <name>.text:TimerConfigure</name>
         <load_address>0x2000dab0</load_address>
         <run_address>0x2000dab0</run_address>
         <size>0x44</size>
         <input_file_ref idref="fl-fa"/>
      </object_component>
      <object_component id="oc-2e9">
         <name>.text:_SlDrvSyncObjWaitTimeout</name>
         <load_address>0x2000daf4</load_address>
         <run_address>0x2000daf4</run_address>
         <size>0x44</size>
         <input_file_ref idref="fl-100"/>
      </object_component>
      <object_component id="oc-83a">
         <name>.text:cc_SetupTransfer</name>
         <load_address>0x2000db38</load_address>
         <run_address>0x2000db38</run_address>
         <size>0x44</size>
         <input_file_ref idref="fl-106"/>
      </object_component>
      <object_component id="oc-1ab">
         <name>.text:sl_Htonl</name>
         <load_address>0x2000db7c</load_address>
         <run_address>0x2000db7c</run_address>
         <size>0x42</size>
         <input_file_ref idref="fl-104"/>
      </object_component>
      <object_component id="oc-641">
         <name>.text:PinModeSet</name>
         <load_address>0x2000dbc0</load_address>
         <run_address>0x2000dbc0</run_address>
         <size>0x40</size>
         <input_file_ref idref="fl-f7"/>
      </object_component>
      <object_component id="oc-4d0">
         <name>.text:_sl_TruncatePayloadByProtocol</name>
         <load_address>0x2000dc00</load_address>
         <run_address>0x2000dc00</run_address>
         <size>0x40</size>
         <input_file_ref idref="fl-104"/>
      </object_component>
      <object_component id="oc-24">
         <name>.text</name>
         <load_address>0x2000dc40</load_address>
         <run_address>0x2000dc40</run_address>
         <size>0x40</size>
         <input_file_ref idref="fl-c6"/>
      </object_component>
      <object_component id="oc-2dd">
         <name>.text:NwpRegisterInterruptHandler</name>
         <load_address>0x2000dc80</load_address>
         <run_address>0x2000dc80</run_address>
         <size>0x3e</size>
         <input_file_ref idref="fl-106"/>
      </object_component>
      <object_component id="oc-87e">
         <name>.text:CopyPingResultsToReport</name>
         <load_address>0x2000dcbe</load_address>
         <run_address>0x2000dcbe</run_address>
         <size>0x3c</size>
         <input_file_ref idref="fl-101"/>
      </object_component>
      <object_component id="oc-1cb">
         <name>.text:PRCMPeripheralClkEnable</name>
         <load_address>0x2000dcfc</load_address>
         <run_address>0x2000dcfc</run_address>
         <size>0x3c</size>
         <input_file_ref idref="fl-f8"/>
      </object_component>
      <object_component id="oc-800">
         <name>.text:simplelink_timerA2_start</name>
         <load_address>0x2000dd38</load_address>
         <run_address>0x2000dd38</run_address>
         <size>0x3c</size>
         <input_file_ref idref="fl-106"/>
      </object_component>
      <object_component id="oc-1a5">
         <name>.text:sl_Htons</name>
         <load_address>0x2000dd74</load_address>
         <run_address>0x2000dd74</run_address>
         <size>0x3c</size>
         <input_file_ref idref="fl-104"/>
      </object_component>
      <object_component id="oc-8a1">
         <name>.text:uDMAChannelControlSet</name>
         <load_address>0x2000ddb0</load_address>
         <run_address>0x2000ddb0</run_address>
         <size>0x3c</size>
         <input_file_ref idref="fl-107"/>
      </object_component>
      <object_component id="oc-2d7">
         <name>.text:NwpPowerOff</name>
         <load_address>0x2000ddec</load_address>
         <run_address>0x2000ddec</run_address>
         <size>0x38</size>
         <input_file_ref idref="fl-106"/>
      </object_component>
      <object_component id="oc-208">
         <name>.text</name>
         <load_address>0x2000de24</load_address>
         <run_address>0x2000de24</run_address>
         <size>0x38</size>
         <input_file_ref idref="fl-d6"/>
      </object_component>
      <object_component id="oc-144">
         <name>.text:sl_WlanDisconnect</name>
         <load_address>0x2000de5c</load_address>
         <run_address>0x2000de5c</run_address>
         <size>0x38</size>
         <input_file_ref idref="fl-105"/>
      </object_component>
      <object_component id="oc-42d">
         <name>.text:GPIODirModeSet</name>
         <load_address>0x2000de94</load_address>
         <run_address>0x2000de94</run_address>
         <size>0x36</size>
         <input_file_ref idref="fl-f4"/>
      </object_component>
      <object_component id="oc-529">
         <name>.text:PRCMPeripheralStatusGet</name>
         <load_address>0x2000decc</load_address>
         <run_address>0x2000decc</run_address>
         <size>0x34</size>
         <input_file_ref idref="fl-f8"/>
      </object_component>
      <object_component id="oc-541">
         <name>.text:SPIFIFOLevelSet</name>
         <load_address>0x2000df00</load_address>
         <run_address>0x2000df00</run_address>
         <size>0x34</size>
         <input_file_ref idref="fl-f9"/>
      </object_component>
      <object_component id="oc-427">
         <name>.text:PinTypeGPIO</name>
         <load_address>0x2000df34</load_address>
         <run_address>0x2000df34</run_address>
         <size>0x30</size>
         <input_file_ref idref="fl-f7"/>
      </object_component>
      <object_component id="oc-4f1">
         <name>.text:UARTDisable</name>
         <load_address>0x2000df64</load_address>
         <run_address>0x2000df64</run_address>
         <size>0x30</size>
         <input_file_ref idref="fl-fb"/>
      </object_component>
      <object_component id="oc-49e">
         <name>.text</name>
         <load_address>0x2000df94</load_address>
         <run_address>0x2000df94</run_address>
         <size>0x2e</size>
         <input_file_ref idref="fl-d7"/>
      </object_component>
      <object_component id="oc-464">
         <name>.text:I2CMasterErr</name>
         <load_address>0x2000dfc2</load_address>
         <run_address>0x2000dfc2</run_address>
         <size>0x2c</size>
         <input_file_ref idref="fl-f5"/>
      </object_component>
      <object_component id="oc-2e3">
         <name>.text:NwpPowerOn</name>
         <load_address>0x2000dff0</load_address>
         <run_address>0x2000dff0</run_address>
         <size>0x2c</size>
         <input_file_ref idref="fl-106"/>
      </object_component>
      <object_component id="oc-38b">
         <name>.text:PRCMSysResetCauseGet</name>
         <load_address>0x2000e01c</load_address>
         <run_address>0x2000e01c</run_address>
         <size>0x2c</size>
         <input_file_ref idref="fl-f8"/>
      </object_component>
      <object_component id="oc-5bc">
         <name>.text:_SlDrvObjGlobalLockWaitForever</name>
         <load_address>0x2000e048</load_address>
         <run_address>0x2000e048</run_address>
         <size>0x2c</size>
         <input_file_ref idref="fl-100"/>
      </object_component>
      <object_component id="oc-3f2">
         <name>.text:_SlDrvProtectionObjLockWaitForever</name>
         <load_address>0x2000e074</load_address>
         <run_address>0x2000e074</run_address>
         <size>0x2c</size>
         <input_file_ref idref="fl-100"/>
      </object_component>
      <object_component id="oc-fc">
         <name>.text:TimerLoadSet</name>
         <load_address>0x2000e0a0</load_address>
         <run_address>0x2000e0a0</run_address>
         <size>0x2a</size>
         <input_file_ref idref="fl-fa"/>
      </object_component>
      <object_component id="oc-84f">
         <name>.text:TimerPrescaleSet</name>
         <load_address>0x2000e0ca</load_address>
         <run_address>0x2000e0ca</run_address>
         <size>0x2a</size>
         <input_file_ref idref="fl-fa"/>
      </object_component>
      <object_component id="oc-39d">
         <name>.text:PRCMPeripheralClkDisable</name>
         <load_address>0x2000e0f4</load_address>
         <run_address>0x2000e0f4</run_address>
         <size>0x28</size>
         <input_file_ref idref="fl-f8"/>
      </object_component>
      <object_component id="oc-5c2">
         <name>.text:_SlDrvGlobalObjUnLock</name>
         <load_address>0x2000e11c</load_address>
         <run_address>0x2000e11c</run_address>
         <size>0x28</size>
         <input_file_ref idref="fl-100"/>
      </object_component>
      <object_component id="oc-3f8">
         <name>.text:_SlDrvProtectionObjUnLock</name>
         <load_address>0x2000e144</load_address>
         <run_address>0x2000e144</run_address>
         <size>0x28</size>
         <input_file_ref idref="fl-100"/>
      </object_component>
      <object_component id="oc-3fe">
         <name>.text:_SlDrvSyncObjWaitForever</name>
         <load_address>0x2000e16c</load_address>
         <run_address>0x2000e16c</run_address>
         <size>0x28</size>
         <input_file_ref idref="fl-100"/>
      </object_component>
      <object_component id="oc-6d6">
         <name>.text:_SlDrvObjLockWaitForever</name>
         <load_address>0x2000e194</load_address>
         <run_address>0x2000e194</run_address>
         <size>0x26</size>
         <input_file_ref idref="fl-100"/>
      </object_component>
      <object_component id="oc-559">
         <name>.text:DmaSpiSwIntHandler</name>
         <load_address>0x2000e1bc</load_address>
         <run_address>0x2000e1bc</run_address>
         <size>0x24</size>
         <input_file_ref idref="fl-106"/>
      </object_component>
      <object_component id="oc-574">
         <name>.text:IntUnregister</name>
         <load_address>0x2000e1e0</load_address>
         <run_address>0x2000e1e0</run_address>
         <size>0x24</size>
         <input_file_ref idref="fl-f6"/>
      </object_component>
      <object_component id="oc-4f7">
         <name>.text:UARTEnable</name>
         <load_address>0x2000e204</load_address>
         <run_address>0x2000e204</run_address>
         <size>0x24</size>
         <input_file_ref idref="fl-fb"/>
      </object_component>
      <object_component id="oc-286">
         <name>.text</name>
         <load_address>0x2000e228</load_address>
         <run_address>0x2000e228</run_address>
         <size>0x24</size>
         <input_file_ref idref="fl-d9"/>
      </object_component>
      <object_component id="oc-46a">
         <name>.text:I2CMasterSlaveAddrSet</name>
         <load_address>0x2000e24c</load_address>
         <run_address>0x2000e24c</run_address>
         <size>0x22</size>
         <input_file_ref idref="fl-f5"/>
      </object_component>
      <object_component id="oc-1d7">
         <name>.text:SPIReset</name>
         <load_address>0x2000e26e</load_address>
         <run_address>0x2000e26e</run_address>
         <size>0x22</size>
         <input_file_ref idref="fl-f9"/>
      </object_component>
      <object_component id="oc-7d8">
         <name>.text:SPIWordCountSet</name>
         <load_address>0x2000e290</load_address>
         <run_address>0x2000e290</run_address>
         <size>0x22</size>
         <input_file_ref idref="fl-f9"/>
      </object_component>
      <object_component id="oc-3cc">
         <name>.text:GPIOPinWrite</name>
         <load_address>0x2000e2b2</load_address>
         <run_address>0x2000e2b2</run_address>
         <size>0x20</size>
         <input_file_ref idref="fl-f4"/>
      </object_component>
      <object_component id="oc-547">
         <name>.text:IntRegister</name>
         <load_address>0x2000e2d4</load_address>
         <run_address>0x2000e2d4</run_address>
         <size>0x20</size>
         <input_file_ref idref="fl-f6"/>
      </object_component>
      <object_component id="oc-328">
         <name>.text:NwpPrePowerOffTimout0</name>
         <load_address>0x2000e2f4</load_address>
         <run_address>0x2000e2f4</run_address>
         <size>0x20</size>
         <input_file_ref idref="fl-106"/>
      </object_component>
      <object_component id="oc-7a3">
         <name>.text:TimerGetCurrentTimestamp</name>
         <load_address>0x2000e314</load_address>
         <run_address>0x2000e314</run_address>
         <size>0x20</size>
         <input_file_ref idref="fl-106"/>
      </object_component>
      <object_component id="oc-6dc">
         <name>.text:_SlDrvObjUnLock</name>
         <load_address>0x2000e334</load_address>
         <run_address>0x2000e334</run_address>
         <size>0x20</size>
         <input_file_ref idref="fl-100"/>
      </object_component>
      <object_component id="oc-595">
         <name>.text:_SlDrvSyncObjSignal</name>
         <load_address>0x2000e354</load_address>
         <run_address>0x2000e354</run_address>
         <size>0x20</size>
         <input_file_ref idref="fl-100"/>
      </object_component>
      <object_component id="oc-3ba">
         <name>.text:GPIOIntRegister</name>
         <load_address>0x2000e374</load_address>
         <run_address>0x2000e374</run_address>
         <size>0x1e</size>
         <input_file_ref idref="fl-f4"/>
      </object_component>
      <object_component id="oc-44c">
         <name>.text:I2CMasterIntStatusEx</name>
         <load_address>0x2000e392</load_address>
         <run_address>0x2000e392</run_address>
         <size>0x1e</size>
         <input_file_ref idref="fl-f5"/>
      </object_component>
      <object_component id="oc-f0">
         <name>.text:TimerDisable</name>
         <load_address>0x2000e3b0</load_address>
         <run_address>0x2000e3b0</run_address>
         <size>0x1e</size>
         <input_file_ref idref="fl-fa"/>
      </object_component>
      <object_component id="oc-102">
         <name>.text:TimerEnable</name>
         <load_address>0x2000e3ce</load_address>
         <run_address>0x2000e3ce</run_address>
         <size>0x1e</size>
         <input_file_ref idref="fl-fa"/>
      </object_component>
      <object_component id="oc-de">
         <name>.text:TimerIntStatus</name>
         <load_address>0x2000e3ec</load_address>
         <run_address>0x2000e3ec</run_address>
         <size>0x1e</size>
         <input_file_ref idref="fl-fa"/>
      </object_component>
      <object_component id="oc-26e">
         <name>.text:UARTCharPut</name>
         <load_address>0x2000e40a</load_address>
         <run_address>0x2000e40a</run_address>
         <size>0x1e</size>
         <input_file_ref idref="fl-fb"/>
      </object_component>
      <object_component id="oc-52f">
         <name>.text:cc_UDMAChannelSelect</name>
         <load_address>0x2000e428</load_address>
         <run_address>0x2000e428</run_address>
         <size>0x1e</size>
         <input_file_ref idref="fl-106"/>
      </object_component>
      <object_component id="oc-439">
         <name>.text:PinTypeI2C</name>
         <load_address>0x2000e446</load_address>
         <run_address>0x2000e446</run_address>
         <size>0x1c</size>
         <input_file_ref idref="fl-f7"/>
      </object_component>
      <object_component id="oc-806">
         <name>.text:TimerValueGet</name>
         <load_address>0x2000e462</load_address>
         <run_address>0x2000e462</run_address>
         <size>0x1c</size>
         <input_file_ref idref="fl-fa"/>
      </object_component>
      <object_component id="oc-280">
         <name>.text:UARTCharGetNonBlocking</name>
         <load_address>0x2000e47e</load_address>
         <run_address>0x2000e47e</run_address>
         <size>0x1c</size>
         <input_file_ref idref="fl-fb"/>
      </object_component>
      <object_component id="oc-6f3">
         <name>.text:_SlDrvStartMeasureTimeout</name>
         <load_address>0x2000e49a</load_address>
         <run_address>0x2000e49a</run_address>
         <size>0x1c</size>
         <input_file_ref idref="fl-100"/>
      </object_component>
      <object_component id="oc-6ba">
         <name>.text</name>
         <load_address>0x2000e4b6</load_address>
         <run_address>0x2000e4b6</run_address>
         <size>0x1c</size>
         <input_file_ref idref="fl-ee"/>
      </object_component>
      <object_component id="oc-8b3">
         <name>.text:uDMAChannelEnable</name>
         <load_address>0x2000e4d4</load_address>
         <run_address>0x2000e4d4</run_address>
         <size>0x1c</size>
         <input_file_ref idref="fl-107"/>
      </object_component>
      <object_component id="oc-3c6">
         <name>.text:GPIOIntEnable</name>
         <load_address>0x2000e4f0</load_address>
         <run_address>0x2000e4f0</run_address>
         <size>0x1a</size>
         <input_file_ref idref="fl-f4"/>
      </object_component>
      <object_component id="oc-433">
         <name>.text:PinTypeUART</name>
         <load_address>0x2000e50a</load_address>
         <run_address>0x2000e50a</run_address>
         <size>0x1a</size>
         <input_file_ref idref="fl-f7"/>
      </object_component>
      <object_component id="oc-5e6">
         <name>.text:SPIDmaDisable</name>
         <load_address>0x2000e524</load_address>
         <run_address>0x2000e524</run_address>
         <size>0x1a</size>
         <input_file_ref idref="fl-f9"/>
      </object_component>
      <object_component id="oc-53b">
         <name>.text:SPIDmaEnable</name>
         <load_address>0x2000e53e</load_address>
         <run_address>0x2000e53e</run_address>
         <size>0x1a</size>
         <input_file_ref idref="fl-f9"/>
      </object_component>
      <object_component id="oc-5e0">
         <name>.text:SPIFIFODisable</name>
         <load_address>0x2000e558</load_address>
         <run_address>0x2000e558</run_address>
         <size>0x1a</size>
         <input_file_ref idref="fl-f9"/>
      </object_component>
      <object_component id="oc-535">
         <name>.text:SPIFIFOEnable</name>
         <load_address>0x2000e572</load_address>
         <run_address>0x2000e572</run_address>
         <size>0x1a</size>
         <input_file_ref idref="fl-f9"/>
      </object_component>
      <object_component id="oc-5da">
         <name>.text:SPIIntUnregister</name>
         <load_address>0x2000e58c</load_address>
         <run_address>0x2000e58c</run_address>
         <size>0x1a</size>
         <input_file_ref idref="fl-f9"/>
      </object_component>
      <object_component id="oc-3d8">
         <name>.text:GPIOPinRead</name>
         <load_address>0x2000e5a6</load_address>
         <run_address>0x2000e5a6</run_address>
         <size>0x18</size>
         <input_file_ref idref="fl-f4"/>
      </object_component>
      <object_component id="oc-1f5">
         <name>.text:SPICSDisable</name>
         <load_address>0x2000e5be</load_address>
         <run_address>0x2000e5be</run_address>
         <size>0x18</size>
         <input_file_ref idref="fl-f9"/>
      </object_component>
      <object_component id="oc-1ef">
         <name>.text:SPICSEnable</name>
         <load_address>0x2000e5d6</load_address>
         <run_address>0x2000e5d6</run_address>
         <size>0x18</size>
         <input_file_ref idref="fl-f9"/>
      </object_component>
      <object_component id="oc-523">
         <name>.text:SPIDisable</name>
         <load_address>0x2000e5ee</load_address>
         <run_address>0x2000e5ee</run_address>
         <size>0x18</size>
         <input_file_ref idref="fl-f9"/>
      </object_component>
      <object_component id="oc-1e9">
         <name>.text:SPIEnable</name>
         <load_address>0x2000e606</load_address>
         <run_address>0x2000e606</run_address>
         <size>0x18</size>
         <input_file_ref idref="fl-f9"/>
      </object_component>
      <object_component id="oc-ea">
         <name>.text:TimerIntDisable</name>
         <load_address>0x2000e61e</load_address>
         <run_address>0x2000e61e</run_address>
         <size>0x18</size>
         <input_file_ref idref="fl-fa"/>
      </object_component>
      <object_component id="oc-f6">
         <name>.text:TimerIntEnable</name>
         <load_address>0x2000e636</load_address>
         <run_address>0x2000e636</run_address>
         <size>0x18</size>
         <input_file_ref idref="fl-fa"/>
      </object_component>
      <object_component id="oc-27a">
         <name>.text:UARTCharsAvail</name>
         <load_address>0x2000e64e</load_address>
         <run_address>0x2000e64e</run_address>
         <size>0x18</size>
         <input_file_ref idref="fl-fb"/>
      </object_component>
      <object_component id="oc-512">
         <name>.text:_SlNonOsSemSet</name>
         <load_address>0x2000e666</load_address>
         <run_address>0x2000e666</run_address>
         <size>0x18</size>
         <input_file_ref idref="fl-103"/>
      </object_component>
      <object_component id="oc-2f5">
         <name>.text:_sl_GetStartResponseConvert</name>
         <load_address>0x2000e680</load_address>
         <run_address>0x2000e680</run_address>
         <size>0x18</size>
         <input_file_ref idref="fl-ff"/>
      </object_component>
      <object_component id="oc-6b">
         <name>.text</name>
         <load_address>0x2000e698</load_address>
         <run_address>0x2000e698</run_address>
         <size>0x18</size>
         <input_file_ref idref="fl-e7"/>
      </object_component>
      <object_component id="oc-470">
         <name>.text:I2CMasterDataPut</name>
         <load_address>0x2000e6b0</load_address>
         <run_address>0x2000e6b0</run_address>
         <size>0x16</size>
         <input_file_ref idref="fl-f5"/>
      </object_component>
      <object_component id="oc-661">
         <name>.text:I2CMasterEnable</name>
         <load_address>0x2000e6c6</load_address>
         <run_address>0x2000e6c6</run_address>
         <size>0x16</size>
         <input_file_ref idref="fl-f5"/>
      </object_component>
      <object_component id="oc-391">
         <name>.text:PRCMHIBRegRead</name>
         <load_address>0x2000e6dc</load_address>
         <run_address>0x2000e6dc</run_address>
         <size>0x16</size>
         <input_file_ref idref="fl-f8"/>
      </object_component>
      <object_component id="oc-397">
         <name>.text:PRCMHIBRegWrite</name>
         <load_address>0x2000e6f2</load_address>
         <run_address>0x2000e6f2</run_address>
         <size>0x16</size>
         <input_file_ref idref="fl-f8"/>
      </object_component>
      <object_component id="oc-3a4">
         <name>.text:_SlDrvMemZero</name>
         <load_address>0x2000e708</load_address>
         <run_address>0x2000e708</run_address>
         <size>0x16</size>
         <input_file_ref idref="fl-100"/>
      </object_component>
      <object_component id="oc-6ae">
         <name>.text</name>
         <load_address>0x2000e71e</load_address>
         <run_address>0x2000e71e</run_address>
         <size>0x16</size>
         <input_file_ref idref="fl-f2"/>
      </object_component>
      <object_component id="oc-380">
         <name>.text:CPUcpsie</name>
         <load_address>0x2000e734</load_address>
         <run_address>0x2000e734</run_address>
         <size>0x14</size>
         <input_file_ref idref="fl-fd"/>
      </object_component>
      <object_component id="oc-3c0">
         <name>.text:GPIOIntClear</name>
         <load_address>0x2000e748</load_address>
         <run_address>0x2000e748</run_address>
         <size>0x14</size>
         <input_file_ref idref="fl-f4"/>
      </object_component>
      <object_component id="oc-169">
         <name>.text:IntVTableBaseSet</name>
         <load_address>0x2000e75c</load_address>
         <run_address>0x2000e75c</run_address>
         <size>0x14</size>
         <input_file_ref idref="fl-f6"/>
      </object_component>
      <object_component id="oc-250">
         <name>.text</name>
         <load_address>0x2000e770</load_address>
         <run_address>0x2000e770</run_address>
         <size>0x14</size>
         <input_file_ref idref="fl-e5"/>
      </object_component>
      <object_component id="oc-213">
         <name>.text</name>
         <load_address>0x2000e784</load_address>
         <run_address>0x2000e784</run_address>
         <size>0x14</size>
         <input_file_ref idref="fl-e2"/>
      </object_component>
      <object_component id="oc-199">
         <name>.text</name>
         <load_address>0x2000e798</load_address>
         <run_address>0x2000e798</run_address>
         <size>0x14</size>
         <input_file_ref idref="fl-e3"/>
      </object_component>
      <object_component id="oc-45e">
         <name>.text:I2CMasterControl</name>
         <load_address>0x2000e7ac</load_address>
         <run_address>0x2000e7ac</run_address>
         <size>0x12</size>
         <input_file_ref idref="fl-f5"/>
      </object_component>
      <object_component id="oc-452">
         <name>.text:I2CMasterIntClearEx</name>
         <load_address>0x2000e7be</load_address>
         <run_address>0x2000e7be</run_address>
         <size>0x12</size>
         <input_file_ref idref="fl-f5"/>
      </object_component>
      <object_component id="oc-458">
         <name>.text:I2CMasterTimeoutSet</name>
         <load_address>0x2000e7d0</load_address>
         <run_address>0x2000e7d0</run_address>
         <size>0x12</size>
         <input_file_ref idref="fl-f5"/>
      </object_component>
      <object_component id="oc-e4">
         <name>.text:TimerIntClear</name>
         <load_address>0x2000e7e2</load_address>
         <run_address>0x2000e7e2</run_address>
         <size>0x12</size>
         <input_file_ref idref="fl-fa"/>
      </object_component>
      <object_component id="oc-871">
         <name>.text:_SlDrvDispatchHttpServerEvents</name>
         <load_address>0x2000e7f4</load_address>
         <run_address>0x2000e7f4</run_address>
         <size>0x10</size>
         <input_file_ref idref="fl-100"/>
      </object_component>
      <object_component id="oc-476">
         <name>.text:I2CMasterDataGet</name>
         <load_address>0x2000e804</load_address>
         <run_address>0x2000e804</run_address>
         <size>0xe</size>
         <input_file_ref idref="fl-f5"/>
      </object_component>
      <object_component id="oc-343">
         <name>.text:_SlDrvResetCmdExt</name>
         <load_address>0x2000e812</load_address>
         <run_address>0x2000e812</run_address>
         <size>0xe</size>
         <input_file_ref idref="fl-100"/>
      </object_component>
      <object_component id="oc-18">
         <name>.text:decompress:none</name>
         <load_address>0x2000e820</load_address>
         <run_address>0x2000e820</run_address>
         <size>0xe</size>
         <input_file_ref idref="fl-c8"/>
      </object_component>
      <object_component id="oc-2d">
         <name>.text</name>
         <load_address>0x2000e82e</load_address>
         <run_address>0x2000e82e</run_address>
         <size>0xe</size>
         <input_file_ref idref="fl-7"/>
      </object_component>
      <object_component id="oc-567">
         <name>.text:NwpMaskInterrupt</name>
         <load_address>0x2000e83c</load_address>
         <run_address>0x2000e83c</run_address>
         <size>0xc</size>
         <input_file_ref idref="fl-106"/>
      </object_component>
      <object_component id="oc-581">
         <name>.text:NwpUnMaskInterrupt</name>
         <load_address>0x2000e848</load_address>
         <run_address>0x2000e848</run_address>
         <size>0xc</size>
         <input_file_ref idref="fl-106"/>
[...]
      </symbol>
      <symbol id="sm-be1">
         <name>TimerLoadSet</name>
         <value>0x2000e0a1</value>
         <object_component_ref idref="oc-fc"/>
      </symbol>
      <symbol id="sm-be2">
         <name>TimerDisable</name>
         <value>0x2000e3b1</value>
         <object_component_ref idref="oc-f0"/>
      </symbol>
      <symbol id="sm-be3">
         <name>TimerEnable</name>
         <value>0x2000e3cf</value>
         <object_component_ref idref="oc-102"/>
      </symbol>
      <symbol id="sm-be4">
         <name>TimerIntStatus</name>
         <value>0x2000e3ed</value>
         <object_component_ref idref="oc-de"/>
      </symbol>
      <symbol id="sm-be5">
         <name>TimerIntDisable</name>
         <value>0x2000e61f</value>
         <object_component_ref idref="oc-ea"/>
      </symbol>
      <symbol id="sm-be6">
         <name>TimerValueGet</name>
         <value>0x2000e463</value>
         <object_component_ref idref="oc-806"/>
      </symbol>
      <symbol id="sm-be7">
         <name>TimerPrescaleSet</name>
         <value>0x2000e0cb</value>
         <object_component_ref idref="oc-84f"/>
      </symbol>
      <symbol id="sm-be8">
         <name>TimerIntEnable</name>
         <value>0x2000e637</value>
         <object_component_ref idref="oc-f6"/>
      </symbol>
      <symbol id="sm-be9">
         <name>TimerConfigure</name>
         <value>0x2000dab1</value>
         <object_component_ref idref="oc-849"/>
      </symbol>
      <symbol id="sm-bea">
         <name>TimerIntClear</name>
         <value>0x2000e7e3</value>
         <object_component_ref idref="oc-e4"/>
      </symbol>
      <symbol id="sm-c26">
         <name>UARTConfigSetExpClk</name>
         <value>0x2000cdb9</value>
         <object_component_ref idref="oc-268"/>
      </symbol>
      <symbol id="sm-c27">
         <name>UARTDisable</name>
         <value>0x2000df65</value>
         <object_component_ref idref="oc-4f1"/>
      </symbol>
      <symbol id="sm-c28">
         <name>UARTCharsAvail</name>
         <value>0x2000e64f</value>
         <object_component_ref idref="oc-27a"/>
      </symbol>
      <symbol id="sm-c29">
         <name>UARTCharGetNonBlocking</name>
         <value>0x2000e47f</value>
         <object_component_ref idref="oc-280"/>
      </symbol>
      <symbol id="sm-c2a">
         <name>UARTCharPut</name>
         <value>0x2000e40b</value>
         <object_component_ref idref="oc-26e"/>
      </symbol>
      <symbol id="sm-c2b">
         <name>UARTEnable</name>
         <value>0x2000e205</value>
         <object_component_ref idref="oc-4f7"/>
      </symbol>
      <symbol id="sm-c2f">
         <name>UtilsDelay</name>
         <value>0x2000e873</value>
         <object_component_ref idref="oc-18d"/>
      </symbol>
      <symbol id="sm-c39">
         <name>CPUcpsie</name>
         <value>0x2000e735</value>
         <object_component_ref idref="oc-380"/>
      </symbol>
      <symbol id="sm-cf0">
         <name>_sl_HandleAsync_InitComplete</name>
         <value>0x2000c60d</value>
         <object_component_ref idref="oc-8bc"/>
      </symbol>
      <symbol id="sm-cf1">
         <name>_SlDrvDeviceEventHandler</name>
         <value>0x2000bd69</value>
         <object_component_ref idref="oc-85d"/>
      </symbol>
      <symbol id="sm-cf2">
         <name>_sl_HandleAsync_Stop</name>
         <value>0x2000d6e9</value>
         <object_component_ref idref="oc-899"/>
      </symbol>
      <symbol id="sm-cf3">
         <name>sl_DevSet</name>
         <value>0x2000be05</value>
         <object_component_ref idref="oc-18e"/>
      </symbol>
      <symbol id="sm-cf4">
         <name>sl_Stop</name>
         <value>0x2000acc9</value>
         <object_component_ref idref="oc-12c"/>
      </symbol>
      <symbol id="sm-cf5">
         <name>sl_Start</name>
         <value>0x2000af99</value>
         <object_component_ref idref="oc-11a"/>
      </symbol>
      <symbol id="sm-cf6">
         <name>sl_DevGet</name>
         <value>0x2000b699</value>
         <object_component_ref idref="oc-132"/>
      </symbol>
      <symbol id="sm-fa5">
         <name>RxIrqCnt</name>
         <value>0x2001f7f0</value>
      </symbol>
      <symbol id="sm-fa6">
         <name>g_bDeviceRestartIsRequired</name>
         <value>0x2001f7f1</value>
      </symbol>
      <symbol id="sm-fa7">
         <name>_SlDrvProtectionObjUnLock</name>
         <value>0x2000e145</value>
         <object_component_ref idref="oc-3f8"/>
      </symbol>
      <symbol id="sm-fa8">
         <name>_SlDrvBasicCmd</name>
         <value>0x2000d9dd</value>
         <object_component_ref idref="oc-35a"/>
      </symbol>
      <symbol id="sm-fa9">
         <name>_SlDrvObjUnLock</name>
         <value>0x2000e335</value>
         <object_component_ref idref="oc-6dc"/>
      </symbol>
      <symbol id="sm-faa">
         <name>_SlDrvObjLockWaitForever</name>
         <value>0x2000e195</value>
         <object_component_ref idref="oc-6d6"/>
      </symbol>
      <symbol id="sm-fab">
         <name>_SlDrvMsgReadSpawnCtx</name>
         <value>0x2000b16d</value>
         <object_component_ref idref="oc-5af"/>
      </symbol>
      <symbol id="sm-fac">
         <name>_SlDrvDispatchHttpServerEvents</name>
         <value>0x2000e7f5</value>
         <object_component_ref idref="oc-871"/>
      </symbol>
      <symbol id="sm-fad">
         <name>_SlDriverHandleError</name>
         <value>0x2000bae9</value>
         <object_component_ref idref="oc-588"/>
      </symbol>
      <symbol id="sm-fae">
         <name>_SlDrvDriverCBDeinit</name>
         <value>0x2000a89d</value>
         <object_component_ref idref="oc-334"/>
      </symbol>
      <symbol id="sm-faf">
         <name>_SlDrvStartMeasureTimeout</name>
         <value>0x2000e49b</value>
         <object_component_ref idref="oc-6f3"/>
      </symbol>
      <symbol id="sm-fb0">
         <name>_SlDrvResetCmdExt</name>
         <value>0x2000e813</value>
         <object_component_ref idref="oc-343"/>
      </symbol>
      <symbol id="sm-fb1">
         <name>_SlDrvIsTimeoutExpired</name>
         <value>0x2000c581</value>
         <object_component_ref idref="oc-6f9"/>
      </symbol>
      <symbol id="sm-fb2">
         <name>_SlDrvProtectAsyncRespSetting</name>
         <value>0x2000d7d1</value>
         <object_component_ref idref="oc-2d1"/>
      </symbol>
      <symbol id="sm-fb3">
         <name>_SlDrvReleasePoolObj</name>
         <value>0x200092c5</value>
         <object_component_ref idref="oc-2ef"/>
      </symbol>
      <symbol id="sm-fb4">
         <name>OpcodeTranslateTable</name>
         <value>0x2000ec80</value>
         <object_component_ref idref="oc-7ce"/>
      </symbol>
      <symbol id="sm-fb5">
         <name>pPingCallBackFunc</name>
         <value>0x2001f554</value>
         <object_component_ref idref="oc-2fe"/>
      </symbol>
      <symbol id="sm-fb6">
         <name>_SlDrvDriverCBInit</name>
         <value>0x2000964d</value>
         <object_component_ref idref="oc-2c5"/>
      </symbol>
      <symbol id="sm-fb7">
         <name>g_pCB</name>
         <value>0x2001f550</value>
         <object_component_ref idref="oc-2fe"/>
      </symbol>
      <symbol id="sm-fb8">
         <name>_SlDrvProtectionObjLockWaitForever</name>
         <value>0x2000e075</value>
         <object_component_ref idref="oc-3f2"/>
      </symbol>
      <symbol id="sm-fb9">
         <name>_SlDrvCmdOp</name>
         <value>0x2000b829</value>
         <object_component_ref idref="oc-318"/>
      </symbol>
      <symbol id="sm-fba">
         <name>_SlDrvSyncObjWaitTimeout</name>
         <value>0x2000daf5</value>
         <object_component_ref idref="oc-2e9"/>
      </symbol>
      <symbol id="sm-fbb">
         <name>_SlDrvGlobalObjUnLock</name>
         <value>0x2000e11d</value>
         <object_component_ref idref="oc-5c2"/>
      </symbol>
      <symbol id="sm-fbc">
         <name>_SlDrvMemZero</name>
         <value>0x2000e709</value>
         <object_component_ref idref="oc-3a4"/>
      </symbol>
      <symbol id="sm-fbd">
         <name>_SlDrvWaitForPoolObj</name>
         <value>0x2000999d</value>
         <object_component_ref idref="oc-3ec"/>
      </symbol>
      <symbol id="sm-fbe">
         <name>_SlDrvSyncObjSignal</name>
         <value>0x2000e355</value>
         <object_component_ref idref="oc-595"/>
      </symbol>
      <symbol id="sm-fbf">
         <name>_SlDrvDataReadOp</name>
         <value>0x200090e1</value>
         <object_component_ref idref="oc-4e4"/>
      </symbol>
      <symbol id="sm-fc0">
         <name>_SlDrvDataWriteOp</name>
         <value>0x2000a111</value>
         <object_component_ref idref="oc-4d6"/>
      </symbol>
      <symbol id="sm-fc1">
         <name>_SlDrvRxIrqHandler</name>
         <value>0x2000d599</value>
         <object_component_ref idref="oc-301"/>
      </symbol>
      <symbol id="sm-fc2">
         <name>_SlDrvSyncObjWaitForever</name>
         <value>0x2000e16d</value>
         <object_component_ref idref="oc-3fe"/>
      </symbol>
      <symbol id="sm-fc3">
         <name>g_SlDeviceStatus</name>
         <value>0x2001f54c</value>
         <object_component_ref idref="oc-2fe"/>
      </symbol>
      <symbol id="sm-fc4">
         <name>_SlDrvCmdSend</name>
         <value>0x2000cf85</value>
         <object_component_ref idref="oc-8c6"/>
      </symbol>
      <symbol id="sm-fc5">
         <name>_SlActionLookupTable</name>
         <value>0x2000ecbc</value>
         <object_component_ref idref="oc-834"/>
      </symbol>
      <symbol id="sm-106d">
         <name>sl_NetAppMDNSUnRegisterService</name>
         <value>0x2000d18d</value>
         <object_component_ref idref="oc-156"/>
      </symbol>
      <symbol id="sm-106e">
         <name>_SlNetAppSendTokenValueCmdCtrl</name>
         <value>0x2000eeb6</value>
         <object_component_ref idref="oc-8cc"/>
      </symbol>
      <symbol id="sm-106f">
         <name>sl_NetAppDnsGetHostByName</name>
         <value>0x2000a4ed</value>
         <object_component_ref idref="oc-19f"/>
      </symbol>
      <symbol id="sm-1070">
         <name>_sl_HandleAsync_DnsGetHostByName</name>
         <value>0x2000c2b9</value>
         <object_component_ref idref="oc-865"/>
      </symbol>
      <symbol id="sm-1071">
         <name>_sl_HandleAsync_PingResponse</name>
         <value>0x2000c349</value>
         <object_component_ref idref="oc-820"/>
      </symbol>
      <symbol id="sm-1072">
         <name>_SlDrvNetAppEventHandler</name>
         <value>0x2000a9cd</value>
         <object_component_ref idref="oc-81a"/>
      </symbol>
      <symbol id="sm-1073">
         <name>_sl_HandleAsync_DnsGetHostByService</name>
         <value>0x2000b5cd</value>
         <object_component_ref idref="oc-86b"/>
      </symbol>
      <symbol id="sm-1074">
         <name>_sl_NetAppSendTokenValue</name>
         <value>0x2000cff1</value>
         <object_component_ref idref="oc-877"/>
      </symbol>
      <symbol id="sm-1075">
         <name>sl_NetAppMDNSRegisterUnregisterService</name>
         <value>0x2000b33d</value>
         <object_component_ref idref="oc-36f"/>
      </symbol>
      <symbol id="sm-1097">
         <name>sl_NetCfgSet</name>
         <value>0x2000be9d</value>
         <object_component_ref idref="oc-14a"/>
      </symbol>
      <symbol id="sm-10df">
         <name>_SlNonOsSemSet</name>
         <value>0x2000e667</value>
         <object_component_ref idref="oc-512"/>
      </symbol>
      <symbol id="sm-10e0">
         <name>_SlNonOsSpawn</name>
         <value>0x2000d0c5</value>
         <object_component_ref idref="oc-5a9"/>
      </symbol>
      <symbol id="sm-10e1">
         <name>_SlNonOsSemGet</name>
         <value>0x2000b8e9</value>
         <object_component_ref idref="oc-518"/>
      </symbol>
      <symbol id="sm-10e2">
         <name>_SlNonOsMainLoopTask</name>
         <value>0x2000ce31</value>
         <object_component_ref idref="oc-120"/>
      </symbol>
      <symbol id="sm-10e3">
         <name>g__SlNonOsCB</name>
         <value>0x2001f4b0</value>
         <object_component_ref idref="oc-313"/>
      </symbol>
      <symbol id="sm-11e4">
         <name>sl_Recv</name>
         <value>0x2000bc2d</value>
         <object_component_ref idref="oc-22b"/>
      </symbol>
      <symbol id="sm-11e5">
         <name>sl_Send</name>
         <value>0x2000a769</value>
         <object_component_ref idref="oc-21f"/>
      </symbol>
      <symbol id="sm-11e6">
         <name>_sl_HandleAsync_Connect</name>
         <value>0x2000cacd</value>
         <object_component_ref idref="oc-88d"/>
      </symbol>
      <symbol id="sm-11e7">
         <name>sl_Htonl</name>
         <value>0x2000db7d</value>
         <object_component_ref idref="oc-1ab"/>
      </symbol>
      <symbol id="sm-11e8">
         <name>sl_Htons</name>
         <value>0x2000dd75</value>
         <object_component_ref idref="oc-1a5"/>
      </symbol>
      <symbol id="sm-11e9">
         <name>sl_Connect</name>
         <value>0x20009b2d</value>
         <object_component_ref idref="oc-1bd"/>
      </symbol>
      <symbol id="sm-11ea">
         <name>sl_Socket</name>
         <value>0x2000c699</value>
         <object_component_ref idref="oc-1b1"/>
      </symbol>
      <symbol id="sm-11eb">
         <name>_sl_HandleAsync_Select</name>
         <value>0x2000d5ed</value>
         <object_component_ref idref="oc-893"/>
      </symbol>
      <symbol id="sm-11ec">
         <name>sl_Close</name>
         <value>0x2000d319</value>
         <object_component_ref idref="oc-225"/>
      </symbol>
      <symbol id="sm-11ed">
         <name>_sl_HandleAsync_Accept</name>
         <value>0x2000d129</value>
         <object_component_ref idref="oc-887"/>
      </symbol>
      <symbol id="sm-11ee">
         <name>sl_SetSockOpt</name>
         <value>0x2000bf35</value>
         <object_component_ref idref="oc-1b7"/>
      </symbol>
      <symbol id="sm-12a8">
         <name>sl_WlanDisconnect</name>
         <value>0x2000de5d</value>
         <object_component_ref idref="oc-144"/>
      </symbol>
      <symbol id="sm-12a9">
         <name>sl_WlanPolicySet</name>
         <value>0x2000c3d9</value>
         <object_component_ref idref="oc-138"/>
      </symbol>
      <symbol id="sm-12aa">
         <name>sl_WlanProfileDel</name>
         <value>0x2000d379</value>
         <object_component_ref idref="oc-13e"/>
      </symbol>
      <symbol id="sm-12ab">
         <name>sl_WlanRxFilterSet</name>
         <value>0x2000c9c5</value>
         <object_component_ref idref="oc-15f"/>
      </symbol>
      <symbol id="sm-12ac">
         <name>sl_WlanConnect</name>
         <value>0x20008a25</value>
         <object_component_ref idref="oc-181"/>
      </symbol>
      <symbol id="sm-12ad">
         <name>sl_WlanSet</name>
         <value>0x2000bfcd</value>
         <object_component_ref idref="oc-150"/>
      </symbol>
      <symbol id="sm-12ae">
         <name>sl_WlanSetMode</name>
         <value>0x2000d3d9</value>
         <object_component_ref idref="oc-126"/>
      </symbol>
      <symbol id="sm-13ce">
         <name>g_ucDinDout</name>
         <value>0x2001f704</value>
      </symbol>
      <symbol id="sm-13cf">
         <name>g_cDummy</name>
         <value>0x2001f7f2</value>
      </symbol>
      <symbol id="sm-13d0">
         <name>NwpMaskInterrupt</name>
         <value>0x2000e83d</value>
         <object_component_ref idref="oc-567"/>
      </symbol>
      <symbol id="sm-13d1">
         <name>NwpPrePowerOffTimout0</name>
         <value>0x2000e2f5</value>
         <object_component_ref idref="oc-328"/>
      </symbol>
      <symbol id="sm-13d2">
         <name>NwpRegisterInterruptHandler</name>
         <value>0x2000dc81</value>
         <object_component_ref idref="oc-2dd"/>
      </symbol>
      <symbol id="sm-13d3">
         <name>g_pHostIntHdl</name>
         <value>0x2001f584</value>
         <object_component_ref idref="oc-553"/>
      </symbol>
      <symbol id="sm-13d4">
         <name>simplelink_timerA2_start</name>
         <value>0x2000dd39</value>
         <object_component_ref idref="oc-800"/>
      </symbol>
      <symbol id="sm-13d5">
         <name>NwpUnMaskInterrupt</name>
         <value>0x2000e849</value>
         <object_component_ref idref="oc-581"/>
      </symbol>
      <symbol id="sm-13d6">
         <name>NwpPowerOff</name>
         <value>0x2000dded</value>
         <object_component_ref idref="oc-2d7"/>
      </symbol>
      <symbol id="sm-13d7">
         <name>TimerGetCurrentTimestamp</name>
         <value>0x2000e315</value>
         <object_component_ref idref="oc-7a3"/>
      </symbol>
      <symbol id="sm-13d8">
         <name>spi_Read</name>
         <value>0x2000adb9</value>
         <object_component_ref idref="oc-7c1"/>
      </symbol>
      <symbol id="sm-13d9">
         <name>DmaSpiSwIntHandler</name>
         <value>0x2000e1bd</value>
         <object_component_ref idref="oc-559"/>
      </symbol>
      <symbol id="sm-13da">
         <name>NwpPowerOn</name>
         <value>0x2000dff1</value>
         <object_component_ref idref="oc-2e3"/>
      </symbol>
      <symbol id="sm-13db">
         <name>spi_Close</name>
         <value>0x2000cd41</value>
         <object_component_ref idref="oc-32e"/>
      </symbol>
      <symbol id="sm-13dc">
         <name>spi_Write</name>
         <value>0x2000c065</value>
         <object_component_ref idref="oc-74f"/>
      </symbol>
      <symbol id="sm-13dd">
         <name>spi_Open</name>
         <value>0x2000a261</value>
         <object_component_ref idref="oc-2cb"/>
      </symbol>
      <symbol id="sm-13de">
         <name>g_ucDMAEnabled</name>
         <value>0x2001f588</value>
         <object_component_ref idref="oc-553"/>
      </symbol>
      <symbol id="sm-13df">
         <name>g_SpiFd</name>
         <value>0x2001f580</value>
         <object_component_ref idref="oc-553"/>
      </symbol>
      <symbol id="sm-1436">
         <name>uDMAChannelControlSet</name>
         <value>0x2000ddb1</value>
         <object_component_ref idref="oc-8a1"/>
      </symbol>
      <symbol id="sm-1437">
         <name>uDMAChannelAttributeEnable</name>
         <value>0x2000d255</value>
         <object_component_ref idref="oc-8a7"/>
      </symbol>
      <symbol id="sm-1438">
         <name>uDMAChannelTransferSet</name>
         <value>0x2000aea9</value>
         <object_component_ref idref="oc-8ad"/>
      </symbol>
      <symbol id="sm-1439">
         <name>uDMAChannelAssign</name>
         <value>0x2000d901</value>
         <object_component_ref idref="oc-707"/>
      </symbol>
      <symbol id="sm-143a">
         <name>uDMAChannelAttributeDisable</name>
         <value>0x2000d1f1</value>
         <object_component_ref idref="oc-70d"/>
      </symbol>
      <symbol id="sm-143b">
         <name>uDMAChannelEnable</name>
         <value>0x2000e4d5</value>
         <object_component_ref idref="oc-8b3"/>
      </symbol>
      <symbol id="sm-143c">
         <name>__TI_static_base__</name>
         <value>0x2000eef0</value>
      </symbol>
      <symbol id="sm-143f">
         <name>SHT$$INIT_ARRAY$$Limit</name>
         <value>0x0</value>
      </symbol>
      <symbol id="sm-1440">
         <name>SHT$$INIT_ARRAY$$Base</name>
         <value>0x0</value>
      </symbol>
   </symbol_table>
   <title>Link successful</title>
</link_info>
